// Jest Snapshot v1, https://goo.gl/fbAQLP

exports[`meal should render meal products table 1`] = `
Object {
  "asFragment": [Function],
  "baseElement": <body>
    <div>
      <div
        class="MuiBox-root MuiBox-root-4"
      >
        <div
          class="MuiPaper-root MuiPaper-elevation3"
        >
          <p
            class="title"
          >
            SUPPER
          </p>
          <div
            class="MuiBox-root MuiBox-root-5"
          >
            <div
              class="container"
            >
              <table
                class="table"
                id="products"
              >
                <thead>
                  <tr
                    class="header"
                  >
                    <th>
                      Product name
                    </th>
                    <th>
                      Calories[kcal]
                    </th>
                    <th>
                      Weight[g]
                    </th>
                    <th
                      class="deleteButtonHeader"
                    />
                  </tr>
                </thead>
                <tbody>
                  <tr
                    class="row"
                  >
                    <td>
                      carrot
                    </td>
                    <td>
                      410
                    </td>
                    <td
                      class="deleteIconButtonContainer"
                    >
                      1000
                    </td>
                    <td
                      class="deleteButtonDrawer"
                    >
                      <button
                        aria-label="deleteButton"
                        class="MuiButtonBase-root MuiIconButton-root"
                        style="width: 10px; height: 10px;"
                        tabindex="0"
                        type="button"
                      >
                        <span
                          class="MuiIconButton-label"
                        >
                          <svg
                            aria-hidden="true"
                            class="MuiSvgIcon-root"
                            focusable="false"
                            style="font-size: 20px;"
                            viewBox="0 0 24 24"
                          >
                            <path
                              d="M6 19c0 1.1.9 2 2 2h8c1.1 0 2-.9 2-2V7H6v12zM19 4h-3.5l-1-1h-5l-1 1H5v2h14V4z"
                            />
                          </svg>
                        </span>
                        <span
                          class="MuiTouchRipple-root"
                        />
                      </button>
                    </td>
                  </tr>
                  <tr
                    class="row"
                  >
                    <td>
                      egg
                    </td>
                    <td>
                      100
                    </td>
                    <td
                      class="deleteIconButtonContainer"
                    >
                      1000
                    </td>
                    <td
                      class="deleteButtonDrawer"
                    >
                      <button
                        aria-label="deleteButton"
                        class="MuiButtonBase-root MuiIconButton-root"
                        style="width: 10px; height: 10px;"
                        tabindex="0"
                        type="button"
                      >
                        <span
                          class="MuiIconButton-label"
                        >
                          <svg
                            aria-hidden="true"
                            class="MuiSvgIcon-root"
                            focusable="false"
                            style="font-size: 20px;"
                            viewBox="0 0 24 24"
                          >
                            <path
                              d="M6 19c0 1.1.9 2 2 2h8c1.1 0 2-.9 2-2V7H6v12zM19 4h-3.5l-1-1h-5l-1 1H5v2h14V4z"
                            />
                          </svg>
                        </span>
                        <span
                          class="MuiTouchRipple-root"
                        />
                      </button>
                    </td>
                  </tr>
                </tbody>
              </table>
            </div>
          </div>
          <div
            class="MuiBox-root MuiBox-root-6"
          >
            <button
              class="MuiButtonBase-root MuiButton-root MuiButton-contained MuiButton-containedSecondary"
              tabindex="0"
              type="button"
            >
              <span
                class="MuiButton-label"
              >
                Add product
              </span>
              <span
                class="MuiTouchRipple-root"
              />
            </button>
          </div>
        </div>
      </div>
    </div>
  </body>,
  "container": <div>
    <div
      class="MuiBox-root MuiBox-root-4"
    >
      <div
        class="MuiPaper-root MuiPaper-elevation3"
      >
        <p
          class="title"
        >
          SUPPER
        </p>
        <div
          class="MuiBox-root MuiBox-root-5"
        >
          <div
            class="container"
          >
            <table
              class="table"
              id="products"
            >
              <thead>
                <tr
                  class="header"
                >
                  <th>
                    Product name
                  </th>
                  <th>
                    Calories[kcal]
                  </th>
                  <th>
                    Weight[g]
                  </th>
                  <th
                    class="deleteButtonHeader"
                  />
                </tr>
              </thead>
              <tbody>
                <tr
                  class="row"
                >
                  <td>
                    carrot
                  </td>
                  <td>
                    410
                  </td>
                  <td
                    class="deleteIconButtonContainer"
                  >
                    1000
                  </td>
                  <td
                    class="deleteButtonDrawer"
                  >
                    <button
                      aria-label="deleteButton"
                      class="MuiButtonBase-root MuiIconButton-root"
                      style="width: 10px; height: 10px;"
                      tabindex="0"
                      type="button"
                    >
                      <span
                        class="MuiIconButton-label"
                      >
                        <svg
                          aria-hidden="true"
                          class="MuiSvgIcon-root"
                          focusable="false"
                          style="font-size: 20px;"
                          viewBox="0 0 24 24"
                        >
                          <path
                            d="M6 19c0 1.1.9 2 2 2h8c1.1 0 2-.9 2-2V7H6v12zM19 4h-3.5l-1-1h-5l-1 1H5v2h14V4z"
                          />
                        </svg>
                      </span>
                      <span
                        class="MuiTouchRipple-root"
                      />
                    </button>
                  </td>
                </tr>
                <tr
                  class="row"
                >
                  <td>
                    egg
                  </td>
                  <td>
                    100
                  </td>
                  <td
                    class="deleteIconButtonContainer"
                  >
                    1000
                  </td>
                  <td
                    class="deleteButtonDrawer"
                  >
                    <button
                      aria-label="deleteButton"
                      class="MuiButtonBase-root MuiIconButton-root"
                      style="width: 10px; height: 10px;"
                      tabindex="0"
                      type="button"
                    >
                      <span
                        class="MuiIconButton-label"
                      >
                        <svg
                          aria-hidden="true"
                          class="MuiSvgIcon-root"
                          focusable="false"
                          style="font-size: 20px;"
                          viewBox="0 0 24 24"
                        >
                          <path
                            d="M6 19c0 1.1.9 2 2 2h8c1.1 0 2-.9 2-2V7H6v12zM19 4h-3.5l-1-1h-5l-1 1H5v2h14V4z"
                          />
                        </svg>
                      </span>
                      <span
                        class="MuiTouchRipple-root"
                      />
                    </button>
                  </td>
                </tr>
              </tbody>
            </table>
          </div>
        </div>
        <div
          class="MuiBox-root MuiBox-root-6"
        >
          <button
            class="MuiButtonBase-root MuiButton-root MuiButton-contained MuiButton-containedSecondary"
            tabindex="0"
            type="button"
          >
            <span
              class="MuiButton-label"
            >
              Add product
            </span>
            <span
              class="MuiTouchRipple-root"
            />
          </button>
        </div>
      </div>
    </div>
  </div>,
  "debug": [Function],
  "findAllByAltText": [Function],
  "findAllByDisplayValue": [Function],
  "findAllByLabelText": [Function],
  "findAllByPlaceholderText": [Function],
  "findAllByRole": [Function],
  "findAllByTestId": [Function],
  "findAllByText": [Function],
  "findAllByTitle": [Function],
  "findByAltText": [Function],
  "findByDisplayValue": [Function],
  "findByLabelText": [Function],
  "findByPlaceholderText": [Function],
  "findByRole": [Function],
  "findByTestId": [Function],
  "findByText": [Function],
  "findByTitle": [Function],
  "getAllByAltText": [Function],
  "getAllByDisplayValue": [Function],
  "getAllByLabelText": [Function],
  "getAllByPlaceholderText": [Function],
  "getAllByRole": [Function],
  "getAllByTestId": [Function],
  "getAllByText": [Function],
  "getAllByTitle": [Function],
  "getByAltText": [Function],
  "getByDisplayValue": [Function],
  "getByLabelText": [Function],
  "getByPlaceholderText": [Function],
  "getByRole": [Function],
  "getByTestId": [Function],
  "getByText": [Function],
  "getByTitle": [Function],
  "queryAllByAltText": [Function],
  "queryAllByDisplayValue": [Function],
  "queryAllByLabelText": [Function],
  "queryAllByPlaceholderText": [Function],
  "queryAllByRole": [Function],
  "queryAllByTestId": [Function],
  "queryAllByText": [Function],
  "queryAllByTitle": [Function],
  "queryByAltText": [Function],
  "queryByDisplayValue": [Function],
  "queryByLabelText": [Function],
  "queryByPlaceholderText": [Function],
  "queryByRole": [Function],
  "queryByTestId": [Function],
  "queryByText": [Function],
  "queryByTitle": [Function],
  "rerender": [Function],
  "unmount": [Function],
}
`;
